  Geri y├╝klenecek projeler belirleniyor...
  Geri y├╝kleme i├ğin t├╝m projeler g├╝ncel.
C:\Users\─░brahim\Desktop\┼ŞUAN\KcetasProje\Program.cs(4,7): warning CS0105: 'KcetasWeb.Services.Interfaces' i├ğin using y├Ânergesi bu ad alan─▒nda daha ├Ânce g├Âr├╝nd├╝ [C:\Users\─░brahim\Desktop\┼ŞUAN\KcetasProje\ProjeStaj.csproj]
C:\Users\─░brahim\Desktop\┼ŞUAN\KcetasProje\Services\Mock\MockEndeksOkumaService.cs(63,23): warning CS8632: Bo┼ş de─şer atanabilir ba┼şvuru t├╝rleri i├ğin ek a├ğ─▒klama kodda yaln─▒zca bir '#nullable' ek a├ğ─▒klama ba─şlam─▒ i├ğinde kullan─▒lmal─▒d─▒r. [C:\Users\─░brahim\Desktop\┼ŞUAN\KcetasProje\ProjeStaj.csproj]
C:\Users\─░brahim\Desktop\┼ŞUAN\KcetasProje\Services\Mock\MockEndeksOkumaService.cs(69,125): warning CS8632: Bo┼ş de─şer atanabilir ba┼şvuru t├╝rleri i├ğin ek a├ğ─▒klama kodda yaln─▒zca bir '#nullable' ek a├ğ─▒klama ba─şlam─▒ i├ğinde kullan─▒lmal─▒d─▒r. [C:\Users\─░brahim\Desktop\┼ŞUAN\KcetasProje\ProjeStaj.csproj]
C:\Users\─░brahim\Desktop\┼ŞUAN\KcetasProje\Services\Interfaces\IEndeksOkumaService.cs(21,16): warning CS8632: Bo┼ş de─şer atanabilir ba┼şvuru t├╝rleri i├ğin ek a├ğ─▒klama kodda yaln─▒zca bir '#nullable' ek a├ğ─▒klama ba─şlam─▒ i├ğinde kullan─▒lmal─▒d─▒r. [C:\Users\─░brahim\Desktop\┼ŞUAN\KcetasProje\ProjeStaj.csproj]
C:\Users\─░brahim\Desktop\┼ŞUAN\KcetasProje\Services\Interfaces\IEndeksOkumaService.cs(26,118): warning CS8632: Bo┼ş de─şer atanabilir ba┼şvuru t├╝rleri i├ğin ek a├ğ─▒klama kodda yaln─▒zca bir '#nullable' ek a├ğ─▒klama ba─şlam─▒ i├ğinde kullan─▒lmal─▒d─▒r. [C:\Users\─░brahim\Desktop\┼ŞUAN\KcetasProje\ProjeStaj.csproj]
C:\Users\─░brahim\Desktop\┼ŞUAN\KcetasProje\ViewModels\EndeksOkumaListeViewModel.cs(12,22): warning CS8632: Bo┼ş de─şer atanabilir ba┼şvuru t├╝rleri i├ğin ek a├ğ─▒klama kodda yaln─▒zca bir '#nullable' ek a├ğ─▒klama ba─şlam─▒ i├ğinde kullan─▒lmal─▒d─▒r. [C:\Users\─░brahim\Desktop\┼ŞUAN\KcetasProje\ProjeStaj.csproj]
C:\Users\─░brahim\Desktop\┼ŞUAN\KcetasProje\Models\entities\AuditLog.cs(21,18): warning CS8632: Bo┼ş de─şer atanabilir ba┼şvuru t├╝rleri i├ğin ek a├ğ─▒klama kodda yaln─▒zca bir '#nullable' ek a├ğ─▒klama ba─şlam─▒ i├ğinde kullan─▒lmal─▒d─▒r. [C:\Users\─░brahim\Desktop\┼ŞUAN\KcetasProje\ProjeStaj.csproj]
C:\Users\─░brahim\Desktop\┼ŞUAN\KcetasProje\Models\entities\AuditLog.cs(23,18): warning CS8632: Bo┼ş de─şer atanabilir ba┼şvuru t├╝rleri i├ğin ek a├ğ─▒klama kodda yaln─▒zca bir '#nullable' ek a├ğ─▒klama ba─şlam─▒ i├ğinde kullan─▒lmal─▒d─▒r. [C:\Users\─░brahim\Desktop\┼ŞUAN\KcetasProje\ProjeStaj.csproj]
C:\Users\─░brahim\Desktop\┼ŞUAN\KcetasProje\Models\ErrorViewModel.cs(5,18): warning CS8632: Bo┼ş de─şer atanabilir ba┼şvuru t├╝rleri i├ğin ek a├ğ─▒klama kodda yaln─▒zca bir '#nullable' ek a├ğ─▒klama ba─şlam─▒ i├ğinde kullan─▒lmal─▒d─▒r. [C:\Users\─░brahim\Desktop\┼ŞUAN\KcetasProje\ProjeStaj.csproj]
C:\Users\─░brahim\Desktop\┼ŞUAN\KcetasProje\ViewModels\EndeksOkumaListeViewModel.cs(40,26): warning CS8632: Bo┼ş de─şer atanabilir ba┼şvuru t├╝rleri i├ğin ek a├ğ─▒klama kodda yaln─▒zca bir '#nullable' ek a├ğ─▒klama ba─şlam─▒ i├ğinde kullan─▒lmal─▒d─▒r. [C:\Users\─░brahim\Desktop\┼ŞUAN\KcetasProje\ProjeStaj.csproj]
C:\Users\─░brahim\Desktop\┼ŞUAN\KcetasProje\ViewModels\EndeksOkumaListeViewModel.cs(41,26): warning CS8632: Bo┼ş de─şer atanabilir ba┼şvuru t├╝rleri i├ğin ek a├ğ─▒klama kodda yaln─▒zca bir '#nullable' ek a├ğ─▒klama ba─şlam─▒ i├ğinde kullan─▒lmal─▒d─▒r. [C:\Users\─░brahim\Desktop\┼ŞUAN\KcetasProje\ProjeStaj.csproj]
C:\Users\─░brahim\Desktop\┼ŞUAN\KcetasProje\Services\Mock\MockIsEmriService.cs(391,18): warning CS8632: Bo┼ş de─şer atanabilir ba┼şvuru t├╝rleri i├ğin ek a├ğ─▒klama kodda yaln─▒zca bir '#nullable' ek a├ğ─▒klama ba─şlam─▒ i├ğinde kullan─▒lmal─▒d─▒r. [C:\Users\─░brahim\Desktop\┼ŞUAN\KcetasProje\ProjeStaj.csproj]
C:\Users\─░brahim\Desktop\┼ŞUAN\KcetasProje\Models\entities\AuditLog.cs(28,18): warning CS8632: Bo┼ş de─şer atanabilir ba┼şvuru t├╝rleri i├ğin ek a├ğ─▒klama kodda yaln─▒zca bir '#nullable' ek a├ğ─▒klama ba─şlam─▒ i├ğinde kullan─▒lmal─▒d─▒r. [C:\Users\─░brahim\Desktop\┼ŞUAN\KcetasProje\ProjeStaj.csproj]
C:\Users\─░brahim\Desktop\┼ŞUAN\KcetasProje\Models\entities\AuditLog.cs(34,18): warning CS8632: Bo┼ş de─şer atanabilir ba┼şvuru t├╝rleri i├ğin ek a├ğ─▒klama kodda yaln─▒zca bir '#nullable' ek a├ğ─▒klama ba─şlam─▒ i├ğinde kullan─▒lmal─▒d─▒r. [C:\Users\─░brahim\Desktop\┼ŞUAN\KcetasProje\ProjeStaj.csproj]
C:\Users\─░brahim\Desktop\┼ŞUAN\KcetasProje\Services\Mock\MockIsEmriService.cs(397,116): warning CS8632: Bo┼ş de─şer atanabilir ba┼şvuru t├╝rleri i├ğin ek a├ğ─▒klama kodda yaln─▒zca bir '#nullable' ek a├ğ─▒klama ba─şlam─▒ i├ğinde kullan─▒lmal─▒d─▒r. [C:\Users\─░brahim\Desktop\┼ŞUAN\KcetasProje\ProjeStaj.csproj]
C:\Users\─░brahim\Desktop\┼ŞUAN\KcetasProje\Controllers\IsEmriController.cs(21,63): warning CS8632: Bo┼ş de─şer atanabilir ba┼şvuru t├╝rleri i├ğin ek a├ğ─▒klama kodda yaln─▒zca bir '#nullable' ek a├ğ─▒klama ba─şlam─▒ i├ğinde kullan─▒lmal─▒d─▒r. [C:\Users\─░brahim\Desktop\┼ŞUAN\KcetasProje\ProjeStaj.csproj]
C:\Users\─░brahim\Desktop\┼ŞUAN\KcetasProje\Services\Mock\MockIsEmriService.cs(430,88): warning CS8632: Bo┼ş de─şer atanabilir ba┼şvuru t├╝rleri i├ğin ek a├ğ─▒klama kodda yaln─▒zca bir '#nullable' ek a├ğ─▒klama ba─şlam─▒ i├ğinde kullan─▒lmal─▒d─▒r. [C:\Users\─░brahim\Desktop\┼ŞUAN\KcetasProje\ProjeStaj.csproj]
C:\Users\─░brahim\Desktop\┼ŞUAN\KcetasProje\Services\Mock\MockIsEmriService.cs(431,15): warning CS8632: Bo┼ş de─şer atanabilir ba┼şvuru t├╝rleri i├ğin ek a├ğ─▒klama kodda yaln─▒zca bir '#nullable' ek a├ğ─▒klama ba─şlam─▒ i├ğinde kullan─▒lmal─▒d─▒r. [C:\Users\─░brahim\Desktop\┼ŞUAN\KcetasProje\ProjeStaj.csproj]
C:\Users\─░brahim\Desktop\┼ŞUAN\KcetasProje\Services\Mock\MockIsEmriService.cs(432,15): warning CS8632: Bo┼ş de─şer atanabilir ba┼şvuru t├╝rleri i├ğin ek a├ğ─▒klama kodda yaln─▒zca bir '#nullable' ek a├ğ─▒klama ba─şlam─▒ i├ğinde kullan─▒lmal─▒d─▒r. [C:\Users\─░brahim\Desktop\┼ŞUAN\KcetasProje\ProjeStaj.csproj]
C:\Users\─░brahim\Desktop\┼ŞUAN\KcetasProje\Services\Mock\MockIsEmriService.cs(433,15): warning CS8632: Bo┼ş de─şer atanabilir ba┼şvuru t├╝rleri i├ğin ek a├ğ─▒klama kodda yaln─▒zca bir '#nullable' ek a├ğ─▒klama ba─şlam─▒ i├ğinde kullan─▒lmal─▒d─▒r. [C:\Users\─░brahim\Desktop\┼ŞUAN\KcetasProje\ProjeStaj.csproj]
C:\Users\─░brahim\Desktop\┼ŞUAN\KcetasProje\Services\Interfaces\IIsEmriService.cs(21,11): warning CS8632: Bo┼ş de─şer atanabilir ba┼şvuru t├╝rleri i├ğin ek a├ğ─▒klama kodda yaln─▒zca bir '#nullable' ek a├ğ─▒klama ba─şlam─▒ i├ğinde kullan─▒lmal─▒d─▒r. [C:\Users\─░brahim\Desktop\┼ŞUAN\KcetasProje\ProjeStaj.csproj]
C:\Users\─░brahim\Desktop\┼ŞUAN\KcetasProje\Services\Interfaces\IIsEmriService.cs(26,109): warning CS8632: Bo┼ş de─şer atanabilir ba┼şvuru t├╝rleri i├ğin ek a├ğ─▒klama kodda yaln─▒zca bir '#nullable' ek a├ğ─▒klama ba─şlam─▒ i├ğinde kullan─▒lmal─▒d─▒r. [C:\Users\─░brahim\Desktop\┼ŞUAN\KcetasProje\ProjeStaj.csproj]
C:\Users\─░brahim\Desktop\┼ŞUAN\KcetasProje\Services\Mock\MockOutboxService.cs(362,29): warning CS8632: Bo┼ş de─şer atanabilir ba┼şvuru t├╝rleri i├ğin ek a├ğ─▒klama kodda yaln─▒zca bir '#nullable' ek a├ğ─▒klama ba─şlam─▒ i├ğinde kullan─▒lmal─▒d─▒r. [C:\Users\─░brahim\Desktop\┼ŞUAN\KcetasProje\ProjeStaj.csproj]
C:\Users\─░brahim\Desktop\┼ŞUAN\KcetasProje\Services\Mock\MockIsEmriService.cs(12,34): error CS0535: 'MockIsEmriService', 'IIsEmriService.TutanakKaydet(int, string, string, string?, string?)' arabirim ├╝yesini uygulamaz [C:\Users\─░brahim\Desktop\┼ŞUAN\KcetasProje\ProjeStaj.csproj]
C:\Users\─░brahim\Desktop\┼ŞUAN\KcetasProje\Services\Mock\MockOutboxService.cs(368,72): warning CS8632: Bo┼ş de─şer atanabilir ba┼şvuru t├╝rleri i├ğin ek a├ğ─▒klama kodda yaln─▒zca bir '#nullable' ek a├ğ─▒klama ba─şlam─▒ i├ğinde kullan─▒lmal─▒d─▒r. [C:\Users\─░brahim\Desktop\┼ŞUAN\KcetasProje\ProjeStaj.csproj]
C:\Users\─░brahim\Desktop\┼ŞUAN\KcetasProje\Controllers\OutboxController.cs(18,59): warning CS8632: Bo┼ş de─şer atanabilir ba┼şvuru t├╝rleri i├ğin ek a├ğ─▒klama kodda yaln─▒zca bir '#nullable' ek a├ğ─▒klama ba─şlam─▒ i├ğinde kullan─▒lmal─▒d─▒r. [C:\Users\─░brahim\Desktop\┼ŞUAN\KcetasProje\ProjeStaj.csproj]
C:\Users\─░brahim\Desktop\┼ŞUAN\KcetasProje\Services\Interfaces\IIsEmriService.cs(31,81): warning CS8632: Bo┼ş de─şer atanabilir ba┼şvuru t├╝rleri i├ğin ek a├ğ─▒klama kodda yaln─▒zca bir '#nullable' ek a├ğ─▒klama ba─şlam─▒ i├ğinde kullan─▒lmal─▒d─▒r. [C:\Users\─░brahim\Desktop\┼ŞUAN\KcetasProje\ProjeStaj.csproj]
C:\Users\─░brahim\Desktop\┼ŞUAN\KcetasProje\Services\Interfaces\IIsEmriService.cs(31,98): warning CS8632: Bo┼ş de─şer atanabilir ba┼şvuru t├╝rleri i├ğin ek a├ğ─▒klama kodda yaln─▒zca bir '#nullable' ek a├ğ─▒klama ba─şlam─▒ i├ğinde kullan─▒lmal─▒d─▒r. [C:\Users\─░brahim\Desktop\┼ŞUAN\KcetasProje\ProjeStaj.csproj]
C:\Users\─░brahim\Desktop\┼ŞUAN\KcetasProje\Services\Interfaces\IOutboxService.cs(21,22): warning CS8632: Bo┼ş de─şer atanabilir ba┼şvuru t├╝rleri i├ğin ek a├ğ─▒klama kodda yaln─▒zca bir '#nullable' ek a├ğ─▒klama ba─şlam─▒ i├ğinde kullan─▒lmal─▒d─▒r. [C:\Users\─░brahim\Desktop\┼ŞUAN\KcetasProje\ProjeStaj.csproj]
C:\Users\─░brahim\Desktop\┼ŞUAN\KcetasProje\Services\Interfaces\IOutboxService.cs(26,65): warning CS8632: Bo┼ş de─şer atanabilir ba┼şvuru t├╝rleri i├ğin ek a├ğ─▒klama kodda yaln─▒zca bir '#nullable' ek a├ğ─▒klama ba─şlam─▒ i├ğinde kullan─▒lmal─▒d─▒r. [C:\Users\─░brahim\Desktop\┼ŞUAN\KcetasProje\ProjeStaj.csproj]
C:\Users\─░brahim\Desktop\┼ŞUAN\KcetasProje\ViewModels\FaturaSimulasyonViewModel.cs(28,46): warning CS8632: Bo┼ş de─şer atanabilir ba┼şvuru t├╝rleri i├ğin ek a├ğ─▒klama kodda yaln─▒zca bir '#nullable' ek a├ğ─▒klama ba─şlam─▒ i├ğinde kullan─▒lmal─▒d─▒r. [C:\Users\─░brahim\Desktop\┼ŞUAN\KcetasProje\ProjeStaj.csproj]
C:\Users\─░brahim\Desktop\┼ŞUAN\KcetasProje\Services\Interfaces\IKullaniciDeposu.cs(9,18): warning CS8632: Bo┼ş de─şer atanabilir ba┼şvuru t├╝rleri i├ğin ek a├ğ─▒klama kodda yaln─▒zca bir '#nullable' ek a├ğ─▒klama ba─şlam─▒ i├ğinde kullan─▒lmal─▒d─▒r. [C:\Users\─░brahim\Desktop\┼ŞUAN\KcetasProje\ProjeStaj.csproj]
C:\Users\─░brahim\Desktop\┼ŞUAN\KcetasProje\Services\Interfaces\IKullaniciDeposu.cs(11,18): warning CS8632: Bo┼ş de─şer atanabilir ba┼şvuru t├╝rleri i├ğin ek a├ğ─▒klama kodda yaln─▒zca bir '#nullable' ek a├ğ─▒klama ba─şlam─▒ i├ğinde kullan─▒lmal─▒d─▒r. [C:\Users\─░brahim\Desktop\┼ŞUAN\KcetasProje\ProjeStaj.csproj]
C:\Users\─░brahim\Desktop\┼ŞUAN\KcetasProje\Services\Interfaces\RolListesi.cs(14,26): warning CS8632: Bo┼ş de─şer atanabilir ba┼şvuru t├╝rleri i├ğin ek a├ğ─▒klama kodda yaln─▒zca bir '#nullable' ek a├ğ─▒klama ba─şlam─▒ i├ğinde kullan─▒lmal─▒d─▒r. [C:\Users\─░brahim\Desktop\┼ŞUAN\KcetasProje\ProjeStaj.csproj]
C:\Users\─░brahim\Desktop\┼ŞUAN\KcetasProje\Services\Interfaces\KullaniciDeposu.cs(57,25): warning CS8632: Bo┼ş de─şer atanabilir ba┼şvuru t├╝rleri i├ğin ek a├ğ─▒klama kodda yaln─▒zca bir '#nullable' ek a├ğ─▒klama ba─şlam─▒ i├ğinde kullan─▒lmal─▒d─▒r. [C:\Users\─░brahim\Desktop\┼ŞUAN\KcetasProje\ProjeStaj.csproj]
C:\Users\─░brahim\Desktop\┼ŞUAN\KcetasProje\Services\Interfaces\KullaniciDeposu.cs(74,25): warning CS8632: Bo┼ş de─şer atanabilir ba┼şvuru t├╝rleri i├ğin ek a├ğ─▒klama kodda yaln─▒zca bir '#nullable' ek a├ğ─▒klama ba─şlam─▒ i├ğinde kullan─▒lmal─▒d─▒r. [C:\Users\─░brahim\Desktop\┼ŞUAN\KcetasProje\ProjeStaj.csproj]
C:\Users\─░brahim\Desktop\┼ŞUAN\KcetasProje\Models\entities\kullanici.cs(23,22): warning CS8632: Bo┼ş de─şer atanabilir ba┼şvuru t├╝rleri i├ğin ek a├ğ─▒klama kodda yaln─▒zca bir '#nullable' ek a├ğ─▒klama ba─şlam─▒ i├ğinde kullan─▒lmal─▒d─▒r. [C:\Users\─░brahim\Desktop\┼ŞUAN\KcetasProje\ProjeStaj.csproj]
C:\Users\─░brahim\Desktop\┼ŞUAN\KcetasProje\Models\entities\EntegrasyonOutbox.cs(35,18): warning CS8632: Bo┼ş de─şer atanabilir ba┼şvuru t├╝rleri i├ğin ek a├ğ─▒klama kodda yaln─▒zca bir '#nullable' ek a├ğ─▒klama ba─şlam─▒ i├ğinde kullan─▒lmal─▒d─▒r. [C:\Users\─░brahim\Desktop\┼ŞUAN\KcetasProje\ProjeStaj.csproj]
C:\Users\─░brahim\Desktop\┼ŞUAN\KcetasProje\ViewModels\IsEmriDetayViewModel.cs(17,22): warning CS8632: Bo┼ş de─şer atanabilir ba┼şvuru t├╝rleri i├ğin ek a├ğ─▒klama kodda yaln─▒zca bir '#nullable' ek a├ğ─▒klama ba─şlam─▒ i├ğinde kullan─▒lmal─▒d─▒r. [C:\Users\─░brahim\Desktop\┼ŞUAN\KcetasProje\ProjeStaj.csproj]
C:\Users\─░brahim\Desktop\┼ŞUAN\KcetasProje\ViewModels\IsEmriDetayViewModel.cs(19,22): warning CS8632: Bo┼ş de─şer atanabilir ba┼şvuru t├╝rleri i├ğin ek a├ğ─▒klama kodda yaln─▒zca bir '#nullable' ek a├ğ─▒klama ba─şlam─▒ i├ğinde kullan─▒lmal─▒d─▒r. [C:\Users\─░brahim\Desktop\┼ŞUAN\KcetasProje\ProjeStaj.csproj]
C:\Users\─░brahim\Desktop\┼ŞUAN\KcetasProje\ViewModels\IsEmriDetayViewModel.cs(22,22): warning CS8632: Bo┼ş de─şer atanabilir ba┼şvuru t├╝rleri i├ğin ek a├ğ─▒klama kodda yaln─▒zca bir '#nullable' ek a├ğ─▒klama ba─şlam─▒ i├ğinde kullan─▒lmal─▒d─▒r. [C:\Users\─░brahim\Desktop\┼ŞUAN\KcetasProje\ProjeStaj.csproj]
C:\Users\─░brahim\Desktop\┼ŞUAN\KcetasProje\ViewModels\IsEmriDetayViewModel.cs(23,22): warning CS8632: Bo┼ş de─şer atanabilir ba┼şvuru t├╝rleri i├ğin ek a├ğ─▒klama kodda yaln─▒zca bir '#nullable' ek a├ğ─▒klama ba─şlam─▒ i├ğinde kullan─▒lmal─▒d─▒r. [C:\Users\─░brahim\Desktop\┼ŞUAN\KcetasProje\ProjeStaj.csproj]
C:\Users\─░brahim\Desktop\┼ŞUAN\KcetasProje\ViewModels\IsEmriDetayViewModel.cs(24,22): warning CS8632: Bo┼ş de─şer atanabilir ba┼şvuru t├╝rleri i├ğin ek a├ğ─▒klama kodda yaln─▒zca bir '#nullable' ek a├ğ─▒klama ba─şlam─▒ i├ğinde kullan─▒lmal─▒d─▒r. [C:\Users\─░brahim\Desktop\┼ŞUAN\KcetasProje\ProjeStaj.csproj]
C:\Users\─░brahim\Desktop\┼ŞUAN\KcetasProje\ViewModels\IsEmriDetayViewModel.cs(26,22): warning CS8632: Bo┼ş de─şer atanabilir ba┼şvuru t├╝rleri i├ğin ek a├ğ─▒klama kodda yaln─▒zca bir '#nullable' ek a├ğ─▒klama ba─şlam─▒ i├ğinde kullan─▒lmal─▒d─▒r. [C:\Users\─░brahim\Desktop\┼ŞUAN\KcetasProje\ProjeStaj.csproj]
C:\Users\─░brahim\Desktop\┼ŞUAN\KcetasProje\ViewModels\IsEmriDetayViewModel.cs(27,22): warning CS8632: Bo┼ş de─şer atanabilir ba┼şvuru t├╝rleri i├ğin ek a├ğ─▒klama kodda yaln─▒zca bir '#nullable' ek a├ğ─▒klama ba─şlam─▒ i├ğinde kullan─▒lmal─▒d─▒r. [C:\Users\─░brahim\Desktop\┼ŞUAN\KcetasProje\ProjeStaj.csproj]
C:\Users\─░brahim\Desktop\┼ŞUAN\KcetasProje\ViewModels\IsEmriDetayViewModel.cs(28,22): warning CS8632: Bo┼ş de─şer atanabilir ba┼şvuru t├╝rleri i├ğin ek a├ğ─▒klama kodda yaln─▒zca bir '#nullable' ek a├ğ─▒klama ba─şlam─▒ i├ğinde kullan─▒lmal─▒d─▒r. [C:\Users\─░brahim\Desktop\┼ŞUAN\KcetasProje\ProjeStaj.csproj]
C:\Users\─░brahim\Desktop\┼ŞUAN\KcetasProje\ViewModels\IsEmriDetayViewModel.cs(29,22): warning CS8632: Bo┼ş de─şer atanabilir ba┼şvuru t├╝rleri i├ğin ek a├ğ─▒klama kodda yaln─▒zca bir '#nullable' ek a├ğ─▒klama ba─şlam─▒ i├ğinde kullan─▒lmal─▒d─▒r. [C:\Users\─░brahim\Desktop\┼ŞUAN\KcetasProje\ProjeStaj.csproj]
C:\Users\─░brahim\Desktop\┼ŞUAN\KcetasProje\ViewModels\IsEmriListeViewModel.cs(13,22): warning CS8632: Bo┼ş de─şer atanabilir ba┼şvuru t├╝rleri i├ğin ek a├ğ─▒klama kodda yaln─▒zca bir '#nullable' ek a├ğ─▒klama ba─şlam─▒ i├ğinde kullan─▒lmal─▒d─▒r. [C:\Users\─░brahim\Desktop\┼ŞUAN\KcetasProje\ProjeStaj.csproj]
C:\Users\─░brahim\Desktop\┼ŞUAN\KcetasProje\ViewModels\OutboxListeViewModel.cs(10,22): warning CS8632: Bo┼ş de─şer atanabilir ba┼şvuru t├╝rleri i├ğin ek a├ğ─▒klama kodda yaln─▒zca bir '#nullable' ek a├ğ─▒klama ba─şlam─▒ i├ğinde kullan─▒lmal─▒d─▒r. [C:\Users\─░brahim\Desktop\┼ŞUAN\KcetasProje\ProjeStaj.csproj]
C:\Users\─░brahim\Desktop\┼ŞUAN\KcetasProje\Models\enums\counetr.cs(6,13): warning CS8981: ÔÇ£counterÔÇØ t├╝r ad─▒ yaln─▒zca k├╝├ğ├╝k harfli ascii karakterleri i├ğerir. Bu t├╝r adlar dil i├ğin ayr─▒lm─▒┼ş hale gelebilir. [C:\Users\─░brahim\Desktop\┼ŞUAN\KcetasProje\ProjeStaj.csproj]
C:\Users\─░brahim\Desktop\┼ŞUAN\KcetasProje\ViewModels\RegisterViewModel.cs(21,22): warning CS8632: Bo┼ş de─şer atanabilir ba┼şvuru t├╝rleri i├ğin ek a├ğ─▒klama kodda yaln─▒zca bir '#nullable' ek a├ğ─▒klama ba─şlam─▒ i├ğinde kullan─▒lmal─▒d─▒r. [C:\Users\─░brahim\Desktop\┼ŞUAN\KcetasProje\ProjeStaj.csproj]
C:\Users\─░brahim\Desktop\┼ŞUAN\KcetasProje\ViewModels\OutboxListeViewModel.cs(34,26): warning CS8632: Bo┼ş de─şer atanabilir ba┼şvuru t├╝rleri i├ğin ek a├ğ─▒klama kodda yaln─▒zca bir '#nullable' ek a├ğ─▒klama ba─şlam─▒ i├ğinde kullan─▒lmal─▒d─▒r. [C:\Users\─░brahim\Desktop\┼ŞUAN\KcetasProje\ProjeStaj.csproj]
C:\Users\─░brahim\Desktop\┼ŞUAN\KcetasProje\Models\enums\readingsource.cs(5,13): warning CS8981: ÔÇ£readingsourceÔÇØ t├╝r ad─▒ yaln─▒zca k├╝├ğ├╝k harfli ascii karakterleri i├ğerir. Bu t├╝r adlar dil i├ğin ayr─▒lm─▒┼ş hale gelebilir. [C:\Users\─░brahim\Desktop\┼ŞUAN\KcetasProje\ProjeStaj.csproj]

Olu┼şturma BA┼ŞARISIZ OLDU.

C:\Users\─░brahim\Desktop\┼ŞUAN\KcetasProje\Program.cs(4,7): warning CS0105: 'KcetasWeb.Services.Interfaces' i├ğin using y├Ânergesi bu ad alan─▒nda daha ├Ânce g├Âr├╝nd├╝ [C:\Users\─░brahim\Desktop\┼ŞUAN\KcetasProje\ProjeStaj.csproj]
C:\Users\─░brahim\Desktop\┼ŞUAN\KcetasProje\Services\Mock\MockEndeksOkumaService.cs(63,23): warning CS8632: Bo┼ş de─şer atanabilir ba┼şvuru t├╝rleri i├ğin ek a├ğ─▒klama kodda yaln─▒zca bir '#nullable' ek a├ğ─▒klama ba─şlam─▒ i├ğinde kullan─▒lmal─▒d─▒r. [C:\Users\─░brahim\Desktop\┼ŞUAN\KcetasProje\ProjeStaj.csproj]
C:\Users\─░brahim\Desktop\┼ŞUAN\KcetasProje\Services\Mock\MockEndeksOkumaService.cs(69,125): warning CS8632: Bo┼ş de─şer atanabilir ba┼şvuru t├╝rleri i├ğin ek a├ğ─▒klama kodda yaln─▒zca bir '#nullable' ek a├ğ─▒klama ba─şlam─▒ i├ğinde kullan─▒lmal─▒d─▒r. [C:\Users\─░brahim\Desktop\┼ŞUAN\KcetasProje\ProjeStaj.csproj]
C:\Users\─░brahim\Desktop\┼ŞUAN\KcetasProje\Services\Interfaces\IEndeksOkumaService.cs(21,16): warning CS8632: Bo┼ş de─şer atanabilir ba┼şvuru t├╝rleri i├ğin ek a├ğ─▒klama kodda yaln─▒zca bir '#nullable' ek a├ğ─▒klama ba─şlam─▒ i├ğinde kullan─▒lmal─▒d─▒r. [C:\Users\─░brahim\Desktop\┼ŞUAN\KcetasProje\ProjeStaj.csproj]
C:\Users\─░brahim\Desktop\┼ŞUAN\KcetasProje\Services\Interfaces\IEndeksOkumaService.cs(26,118): warning CS8632: Bo┼ş de─şer atanabilir ba┼şvuru t├╝rleri i├ğin ek a├ğ─▒klama kodda yaln─▒zca bir '#nullable' ek a├ğ─▒klama ba─şlam─▒ i├ğinde kullan─▒lmal─▒d─▒r. [C:\Users\─░brahim\Desktop\┼ŞUAN\KcetasProje\ProjeStaj.csproj]
C:\Users\─░brahim\Desktop\┼ŞUAN\KcetasProje\ViewModels\EndeksOkumaListeViewModel.cs(12,22): warning CS8632: Bo┼ş de─şer atanabilir ba┼şvuru t├╝rleri i├ğin ek a├ğ─▒klama kodda yaln─▒zca bir '#nullable' ek a├ğ─▒klama ba─şlam─▒ i├ğinde kullan─▒lmal─▒d─▒r. [C:\Users\─░brahim\Desktop\┼ŞUAN\KcetasProje\ProjeStaj.csproj]
C:\Users\─░brahim\Desktop\┼ŞUAN\KcetasProje\Models\entities\AuditLog.cs(21,18): warning CS8632: Bo┼ş de─şer atanabilir ba┼şvuru t├╝rleri i├ğin ek a├ğ─▒klama kodda yaln─▒zca bir '#nullable' ek a├ğ─▒klama ba─şlam─▒ i├ğinde kullan─▒lmal─▒d─▒r. [C:\Users\─░brahim\Desktop\┼ŞUAN\KcetasProje\ProjeStaj.csproj]
C:\Users\─░brahim\Desktop\┼ŞUAN\KcetasProje\Models\entities\AuditLog.cs(23,18): warning CS8632: Bo┼ş de─şer atanabilir ba┼şvuru t├╝rleri i├ğin ek a├ğ─▒klama kodda yaln─▒zca bir '#nullable' ek a├ğ─▒klama ba─şlam─▒ i├ğinde kullan─▒lmal─▒d─▒r. [C:\Users\─░brahim\Desktop\┼ŞUAN\KcetasProje\ProjeStaj.csproj]
C:\Users\─░brahim\Desktop\┼ŞUAN\KcetasProje\Models\ErrorViewModel.cs(5,18): warning CS8632: Bo┼ş de─şer atanabilir ba┼şvuru t├╝rleri i├ğin ek a├ğ─▒klama kodda yaln─▒zca bir '#nullable' ek a├ğ─▒klama ba─şlam─▒ i├ğinde kullan─▒lmal─▒d─▒r. [C:\Users\─░brahim\Desktop\┼ŞUAN\KcetasProje\ProjeStaj.csproj]
C:\Users\─░brahim\Desktop\┼ŞUAN\KcetasProje\ViewModels\EndeksOkumaListeViewModel.cs(40,26): warning CS8632: Bo┼ş de─şer atanabilir ba┼şvuru t├╝rleri i├ğin ek a├ğ─▒klama kodda yaln─▒zca bir '#nullable' ek a├ğ─▒klama ba─şlam─▒ i├ğinde kullan─▒lmal─▒d─▒r. [C:\Users\─░brahim\Desktop\┼ŞUAN\KcetasProje\ProjeStaj.csproj]
C:\Users\─░brahim\Desktop\┼ŞUAN\KcetasProje\ViewModels\EndeksOkumaListeViewModel.cs(41,26): warning CS8632: Bo┼ş de─şer atanabilir ba┼şvuru t├╝rleri i├ğin ek a├ğ─▒klama kodda yaln─▒zca bir '#nullable' ek a├ğ─▒klama ba─şlam─▒ i├ğinde kullan─▒lmal─▒d─▒r. [C:\Users\─░brahim\Desktop\┼ŞUAN\KcetasProje\ProjeStaj.csproj]
C:\Users\─░brahim\Desktop\┼ŞUAN\KcetasProje\Services\Mock\MockIsEmriService.cs(391,18): warning CS8632: Bo┼ş de─şer atanabilir ba┼şvuru t├╝rleri i├ğin ek a├ğ─▒klama kodda yaln─▒zca bir '#nullable' ek a├ğ─▒klama ba─şlam─▒ i├ğinde kullan─▒lmal─▒d─▒r. [C:\Users\─░brahim\Desktop\┼ŞUAN\KcetasProje\ProjeStaj.csproj]
C:\Users\─░brahim\Desktop\┼ŞUAN\KcetasProje\Models\entities\AuditLog.cs(28,18): warning CS8632: Bo┼ş de─şer atanabilir ba┼şvuru t├╝rleri i├ğin ek a├ğ─▒klama kodda yaln─▒zca bir '#nullable' ek a├ğ─▒klama ba─şlam─▒ i├ğinde kullan─▒lmal─▒d─▒r. [C:\Users\─░brahim\Desktop\┼ŞUAN\KcetasProje\ProjeStaj.csproj]
C:\Users\─░brahim\Desktop\┼ŞUAN\KcetasProje\Models\entities\AuditLog.cs(34,18): warning CS8632: Bo┼ş de─şer atanabilir ba┼şvuru t├╝rleri i├ğin ek a├ğ─▒klama kodda yaln─▒zca bir '#nullable' ek a├ğ─▒klama ba─şlam─▒ i├ğinde kullan─▒lmal─▒d─▒r. [C:\Users\─░brahim\Desktop\┼ŞUAN\KcetasProje\ProjeStaj.csproj]
C:\Users\─░brahim\Desktop\┼ŞUAN\KcetasProje\Services\Mock\MockIsEmriService.cs(397,116): warning CS8632: Bo┼ş de─şer atanabilir ba┼şvuru t├╝rleri i├ğin ek a├ğ─▒klama kodda yaln─▒zca bir '#nullable' ek a├ğ─▒klama ba─şlam─▒ i├ğinde kullan─▒lmal─▒d─▒r. [C:\Users\─░brahim\Desktop\┼ŞUAN\KcetasProje\ProjeStaj.csproj]
C:\Users\─░brahim\Desktop\┼ŞUAN\KcetasProje\Controllers\IsEmriController.cs(21,63): warning CS8632: Bo┼ş de─şer atanabilir ba┼şvuru t├╝rleri i├ğin ek a├ğ─▒klama kodda yaln─▒zca bir '#nullable' ek a├ğ─▒klama ba─şlam─▒ i├ğinde kullan─▒lmal─▒d─▒r. [C:\Users\─░brahim\Desktop\┼ŞUAN\KcetasProje\ProjeStaj.csproj]
C:\Users\─░brahim\Desktop\┼ŞUAN\KcetasProje\Services\Mock\MockIsEmriService.cs(430,88): warning CS8632: Bo┼ş de─şer atanabilir ba┼şvuru t├╝rleri i├ğin ek a├ğ─▒klama kodda yaln─▒zca bir '#nullable' ek a├ğ─▒klama ba─şlam─▒ i├ğinde kullan─▒lmal─▒d─▒r. [C:\Users\─░brahim\Desktop\┼ŞUAN\KcetasProje\ProjeStaj.csproj]
C:\Users\─░brahim\Desktop\┼ŞUAN\KcetasProje\Services\Mock\MockIsEmriService.cs(431,15): warning CS8632: Bo┼ş de─şer atanabilir ba┼şvuru t├╝rleri i├ğin ek a├ğ─▒klama kodda yaln─▒zca bir '#nullable' ek a├ğ─▒klama ba─şlam─▒ i├ğinde kullan─▒lmal─▒d─▒r. [C:\Users\─░brahim\Desktop\┼ŞUAN\KcetasProje\ProjeStaj.csproj]
C:\Users\─░brahim\Desktop\┼ŞUAN\KcetasProje\Services\Mock\MockIsEmriService.cs(432,15): warning CS8632: Bo┼ş de─şer atanabilir ba┼şvuru t├╝rleri i├ğin ek a├ğ─▒klama kodda yaln─▒zca bir '#nullable' ek a├ğ─▒klama ba─şlam─▒ i├ğinde kullan─▒lmal─▒d─▒r. [C:\Users\─░brahim\Desktop\┼ŞUAN\KcetasProje\ProjeStaj.csproj]
C:\Users\─░brahim\Desktop\┼ŞUAN\KcetasProje\Services\Mock\MockIsEmriService.cs(433,15): warning CS8632: Bo┼ş de─şer atanabilir ba┼şvuru t├╝rleri i├ğin ek a├ğ─▒klama kodda yaln─▒zca bir '#nullable' ek a├ğ─▒klama ba─şlam─▒ i├ğinde kullan─▒lmal─▒d─▒r. [C:\Users\─░brahim\Desktop\┼ŞUAN\KcetasProje\ProjeStaj.csproj]
C:\Users\─░brahim\Desktop\┼ŞUAN\KcetasProje\Services\Interfaces\IIsEmriService.cs(21,11): warning CS8632: Bo┼ş de─şer atanabilir ba┼şvuru t├╝rleri i├ğin ek a├ğ─▒klama kodda yaln─▒zca bir '#nullable' ek a├ğ─▒klama ba─şlam─▒ i├ğinde kullan─▒lmal─▒d─▒r. [C:\Users\─░brahim\Desktop\┼ŞUAN\KcetasProje\ProjeStaj.csproj]
C:\Users\─░brahim\Desktop\┼ŞUAN\KcetasProje\Services\Interfaces\IIsEmriService.cs(26,109): warning CS8632: Bo┼ş de─şer atanabilir ba┼şvuru t├╝rleri i├ğin ek a├ğ─▒klama kodda yaln─▒zca bir '#nullable' ek a├ğ─▒klama ba─şlam─▒ i├ğinde kullan─▒lmal─▒d─▒r. [C:\Users\─░brahim\Desktop\┼ŞUAN\KcetasProje\ProjeStaj.csproj]
C:\Users\─░brahim\Desktop\┼ŞUAN\KcetasProje\Services\Mock\MockOutboxService.cs(362,29): warning CS8632: Bo┼ş de─şer atanabilir ba┼şvuru t├╝rleri i├ğin ek a├ğ─▒klama kodda yaln─▒zca bir '#nullable' ek a├ğ─▒klama ba─şlam─▒ i├ğinde kullan─▒lmal─▒d─▒r. [C:\Users\─░brahim\Desktop\┼ŞUAN\KcetasProje\ProjeStaj.csproj]
C:\Users\─░brahim\Desktop\┼ŞUAN\KcetasProje\Services\Mock\MockOutboxService.cs(368,72): warning CS8632: Bo┼ş de─şer atanabilir ba┼şvuru t├╝rleri i├ğin ek a├ğ─▒klama kodda yaln─▒zca bir '#nullable' ek a├ğ─▒klama ba─şlam─▒ i├ğinde kullan─▒lmal─▒d─▒r. [C:\Users\─░brahim\Desktop\┼ŞUAN\KcetasProje\ProjeStaj.csproj]
C:\Users\─░brahim\Desktop\┼ŞUAN\KcetasProje\Controllers\OutboxController.cs(18,59): warning CS8632: Bo┼ş de─şer atanabilir ba┼şvuru t├╝rleri i├ğin ek a├ğ─▒klama kodda yaln─▒zca bir '#nullable' ek a├ğ─▒klama ba─şlam─▒ i├ğinde kullan─▒lmal─▒d─▒r. [C:\Users\─░brahim\Desktop\┼ŞUAN\KcetasProje\ProjeStaj.csproj]
C:\Users\─░brahim\Desktop\┼ŞUAN\KcetasProje\Services\Interfaces\IIsEmriService.cs(31,81): warning CS8632: Bo┼ş de─şer atanabilir ba┼şvuru t├╝rleri i├ğin ek a├ğ─▒klama kodda yaln─▒zca bir '#nullable' ek a├ğ─▒klama ba─şlam─▒ i├ğinde kullan─▒lmal─▒d─▒r. [C:\Users\─░brahim\Desktop\┼ŞUAN\KcetasProje\ProjeStaj.csproj]
C:\Users\─░brahim\Desktop\┼ŞUAN\KcetasProje\Services\Interfaces\IIsEmriService.cs(31,98): warning CS8632: Bo┼ş de─şer atanabilir ba┼şvuru t├╝rleri i├ğin ek a├ğ─▒klama kodda yaln─▒zca bir '#nullable' ek a├ğ─▒klama ba─şlam─▒ i├ğinde kullan─▒lmal─▒d─▒r. [C:\Users\─░brahim\Desktop\┼ŞUAN\KcetasProje\ProjeStaj.csproj]
C:\Users\─░brahim\Desktop\┼ŞUAN\KcetasProje\Services\Interfaces\IOutboxService.cs(21,22): warning CS8632: Bo┼ş de─şer atanabilir ba┼şvuru t├╝rleri i├ğin ek a├ğ─▒klama kodda yaln─▒zca bir '#nullable' ek a├ğ─▒klama ba─şlam─▒ i├ğinde kullan─▒lmal─▒d─▒r. [C:\Users\─░brahim\Desktop\┼ŞUAN\KcetasProje\ProjeStaj.csproj]
C:\Users\─░brahim\Desktop\┼ŞUAN\KcetasProje\Services\Interfaces\IOutboxService.cs(26,65): warning CS8632: Bo┼ş de─şer atanabilir ba┼şvuru t├╝rleri i├ğin ek a├ğ─▒klama kodda yaln─▒zca bir '#nullable' ek a├ğ─▒klama ba─şlam─▒ i├ğinde kullan─▒lmal─▒d─▒r. [C:\Users\─░brahim\Desktop\┼ŞUAN\KcetasProje\ProjeStaj.csproj]
C:\Users\─░brahim\Desktop\┼ŞUAN\KcetasProje\ViewModels\FaturaSimulasyonViewModel.cs(28,46): warning CS8632: Bo┼ş de─şer atanabilir ba┼şvuru t├╝rleri i├ğin ek a├ğ─▒klama kodda yaln─▒zca bir '#nullable' ek a├ğ─▒klama ba─şlam─▒ i├ğinde kullan─▒lmal─▒d─▒r. [C:\Users\─░brahim\Desktop\┼ŞUAN\KcetasProje\ProjeStaj.csproj]
C:\Users\─░brahim\Desktop\┼ŞUAN\KcetasProje\Services\Interfaces\IKullaniciDeposu.cs(9,18): warning CS8632: Bo┼ş de─şer atanabilir ba┼şvuru t├╝rleri i├ğin ek a├ğ─▒klama kodda yaln─▒zca bir '#nullable' ek a├ğ─▒klama ba─şlam─▒ i├ğinde kullan─▒lmal─▒d─▒r. [C:\Users\─░brahim\Desktop\┼ŞUAN\KcetasProje\ProjeStaj.csproj]
C:\Users\─░brahim\Desktop\┼ŞUAN\KcetasProje\Services\Interfaces\IKullaniciDeposu.cs(11,18): warning CS8632: Bo┼ş de─şer atanabilir ba┼şvuru t├╝rleri i├ğin ek a├ğ─▒klama kodda yaln─▒zca bir '#nullable' ek a├ğ─▒klama ba─şlam─▒ i├ğinde kullan─▒lmal─▒d─▒r. [C:\Users\─░brahim\Desktop\┼ŞUAN\KcetasProje\ProjeStaj.csproj]
C:\Users\─░brahim\Desktop\┼ŞUAN\KcetasProje\Services\Interfaces\RolListesi.cs(14,26): warning CS8632: Bo┼ş de─şer atanabilir ba┼şvuru t├╝rleri i├ğin ek a├ğ─▒klama kodda yaln─▒zca bir '#nullable' ek a├ğ─▒klama ba─şlam─▒ i├ğinde kullan─▒lmal─▒d─▒r. [C:\Users\─░brahim\Desktop\┼ŞUAN\KcetasProje\ProjeStaj.csproj]
C:\Users\─░brahim\Desktop\┼ŞUAN\KcetasProje\Services\Interfaces\KullaniciDeposu.cs(57,25): warning CS8632: Bo┼ş de─şer atanabilir ba┼şvuru t├╝rleri i├ğin ek a├ğ─▒klama kodda yaln─▒zca bir '#nullable' ek a├ğ─▒klama ba─şlam─▒ i├ğinde kullan─▒lmal─▒d─▒r. [C:\Users\─░brahim\Desktop\┼ŞUAN\KcetasProje\ProjeStaj.csproj]
C:\Users\─░brahim\Desktop\┼ŞUAN\KcetasProje\Services\Interfaces\KullaniciDeposu.cs(74,25): warning CS8632: Bo┼ş de─şer atanabilir ba┼şvuru t├╝rleri i├ğin ek a├ğ─▒klama kodda yaln─▒zca bir '#nullable' ek a├ğ─▒klama ba─şlam─▒ i├ğinde kullan─▒lmal─▒d─▒r. [C:\Users\─░brahim\Desktop\┼ŞUAN\KcetasProje\ProjeStaj.csproj]
C:\Users\─░brahim\Desktop\┼ŞUAN\KcetasProje\Models\entities\kullanici.cs(23,22): warning CS8632: Bo┼ş de─şer atanabilir ba┼şvuru t├╝rleri i├ğin ek a├ğ─▒klama kodda yaln─▒zca bir '#nullable' ek a├ğ─▒klama ba─şlam─▒ i├ğinde kullan─▒lmal─▒d─▒r. [C:\Users\─░brahim\Desktop\┼ŞUAN\KcetasProje\ProjeStaj.csproj]
C:\Users\─░brahim\Desktop\┼ŞUAN\KcetasProje\Models\entities\EntegrasyonOutbox.cs(35,18): warning CS8632: Bo┼ş de─şer atanabilir ba┼şvuru t├╝rleri i├ğin ek a├ğ─▒klama kodda yaln─▒zca bir '#nullable' ek a├ğ─▒klama ba─şlam─▒ i├ğinde kullan─▒lmal─▒d─▒r. [C:\Users\─░brahim\Desktop\┼ŞUAN\KcetasProje\ProjeStaj.csproj]
C:\Users\─░brahim\Desktop\┼ŞUAN\KcetasProje\ViewModels\IsEmriDetayViewModel.cs(17,22): warning CS8632: Bo┼ş de─şer atanabilir ba┼şvuru t├╝rleri i├ğin ek a├ğ─▒klama kodda yaln─▒zca bir '#nullable' ek a├ğ─▒klama ba─şlam─▒ i├ğinde kullan─▒lmal─▒d─▒r. [C:\Users\─░brahim\Desktop\┼ŞUAN\KcetasProje\ProjeStaj.csproj]
C:\Users\─░brahim\Desktop\┼ŞUAN\KcetasProje\ViewModels\IsEmriDetayViewModel.cs(19,22): warning CS8632: Bo┼ş de─şer atanabilir ba┼şvuru t├╝rleri i├ğin ek a├ğ─▒klama kodda yaln─▒zca bir '#nullable' ek a├ğ─▒klama ba─şlam─▒ i├ğinde kullan─▒lmal─▒d─▒r. [C:\Users\─░brahim\Desktop\┼ŞUAN\KcetasProje\ProjeStaj.csproj]
C:\Users\─░brahim\Desktop\┼ŞUAN\KcetasProje\ViewModels\IsEmriDetayViewModel.cs(22,22): warning CS8632: Bo┼ş de─şer atanabilir ba┼şvuru t├╝rleri i├ğin ek a├ğ─▒klama kodda yaln─▒zca bir '#nullable' ek a├ğ─▒klama ba─şlam─▒ i├ğinde kullan─▒lmal─▒d─▒r. [C:\Users\─░brahim\Desktop\┼ŞUAN\KcetasProje\ProjeStaj.csproj]
C:\Users\─░brahim\Desktop\┼ŞUAN\KcetasProje\ViewModels\IsEmriDetayViewModel.cs(23,22): warning CS8632: Bo┼ş de─şer atanabilir ba┼şvuru t├╝rleri i├ğin ek a├ğ─▒klama kodda yaln─▒zca bir '#nullable' ek a├ğ─▒klama ba─şlam─▒ i├ğinde kullan─▒lmal─▒d─▒r. [C:\Users\─░brahim\Desktop\┼ŞUAN\KcetasProje\ProjeStaj.csproj]
C:\Users\─░brahim\Desktop\┼ŞUAN\KcetasProje\ViewModels\IsEmriDetayViewModel.cs(24,22): warning CS8632: Bo┼ş de─şer atanabilir ba┼şvuru t├╝rleri i├ğin ek a├ğ─▒klama kodda yaln─▒zca bir '#nullable' ek a├ğ─▒klama ba─şlam─▒ i├ğinde kullan─▒lmal─▒d─▒r. [C:\Users\─░brahim\Desktop\┼ŞUAN\KcetasProje\ProjeStaj.csproj]
C:\Users\─░brahim\Desktop\┼ŞUAN\KcetasProje\ViewModels\IsEmriDetayViewModel.cs(26,22): warning CS8632: Bo┼ş de─şer atanabilir ba┼şvuru t├╝rleri i├ğin ek a├ğ─▒klama kodda yaln─▒zca bir '#nullable' ek a├ğ─▒klama ba─şlam─▒ i├ğinde kullan─▒lmal─▒d─▒r. [C:\Users\─░brahim\Desktop\┼ŞUAN\KcetasProje\ProjeStaj.csproj]
C:\Users\─░brahim\Desktop\┼ŞUAN\KcetasProje\ViewModels\IsEmriDetayViewModel.cs(27,22): warning CS8632: Bo┼ş de─şer atanabilir ba┼şvuru t├╝rleri i├ğin ek a├ğ─▒klama kodda yaln─▒zca bir '#nullable' ek a├ğ─▒klama ba─şlam─▒ i├ğinde kullan─▒lmal─▒d─▒r. [C:\Users\─░brahim\Desktop\┼ŞUAN\KcetasProje\ProjeStaj.csproj]
C:\Users\─░brahim\Desktop\┼ŞUAN\KcetasProje\ViewModels\IsEmriDetayViewModel.cs(28,22): warning CS8632: Bo┼ş de─şer atanabilir ba┼şvuru t├╝rleri i├ğin ek a├ğ─▒klama kodda yaln─▒zca bir '#nullable' ek a├ğ─▒klama ba─şlam─▒ i├ğinde kullan─▒lmal─▒d─▒r. [C:\Users\─░brahim\Desktop\┼ŞUAN\KcetasProje\ProjeStaj.csproj]
C:\Users\─░brahim\Desktop\┼ŞUAN\KcetasProje\ViewModels\IsEmriDetayViewModel.cs(29,22): warning CS8632: Bo┼ş de─şer atanabilir ba┼şvuru t├╝rleri i├ğin ek a├ğ─▒klama kodda yaln─▒zca bir '#nullable' ek a├ğ─▒klama ba─şlam─▒ i├ğinde kullan─▒lmal─▒d─▒r. [C:\Users\─░brahim\Desktop\┼ŞUAN\KcetasProje\ProjeStaj.csproj]
C:\Users\─░brahim\Desktop\┼ŞUAN\KcetasProje\ViewModels\IsEmriListeViewModel.cs(13,22): warning CS8632: Bo┼ş de─şer atanabilir ba┼şvuru t├╝rleri i├ğin ek a├ğ─▒klama kodda yaln─▒zca bir '#nullable' ek a├ğ─▒klama ba─şlam─▒ i├ğinde kullan─▒lmal─▒d─▒r. [C:\Users\─░brahim\Desktop\┼ŞUAN\KcetasProje\ProjeStaj.csproj]
C:\Users\─░brahim\Desktop\┼ŞUAN\KcetasProje\ViewModels\OutboxListeViewModel.cs(10,22): warning CS8632: Bo┼ş de─şer atanabilir ba┼şvuru t├╝rleri i├ğin ek a├ğ─▒klama kodda yaln─▒zca bir '#nullable' ek a├ğ─▒klama ba─şlam─▒ i├ğinde kullan─▒lmal─▒d─▒r. [C:\Users\─░brahim\Desktop\┼ŞUAN\KcetasProje\ProjeStaj.csproj]
C:\Users\─░brahim\Desktop\┼ŞUAN\KcetasProje\Models\enums\counetr.cs(6,13): warning CS8981: ÔÇ£counterÔÇØ t├╝r ad─▒ yaln─▒zca k├╝├ğ├╝k harfli ascii karakterleri i├ğerir. Bu t├╝r adlar dil i├ğin ayr─▒lm─▒┼ş hale gelebilir. [C:\Users\─░brahim\Desktop\┼ŞUAN\KcetasProje\ProjeStaj.csproj]
C:\Users\─░brahim\Desktop\┼ŞUAN\KcetasProje\ViewModels\RegisterViewModel.cs(21,22): warning CS8632: Bo┼ş de─şer atanabilir ba┼şvuru t├╝rleri i├ğin ek a├ğ─▒klama kodda yaln─▒zca bir '#nullable' ek a├ğ─▒klama ba─şlam─▒ i├ğinde kullan─▒lmal─▒d─▒r. [C:\Users\─░brahim\Desktop\┼ŞUAN\KcetasProje\ProjeStaj.csproj]
C:\Users\─░brahim\Desktop\┼ŞUAN\KcetasProje\ViewModels\OutboxListeViewModel.cs(34,26): warning CS8632: Bo┼ş de─şer atanabilir ba┼şvuru t├╝rleri i├ğin ek a├ğ─▒klama kodda yaln─▒zca bir '#nullable' ek a├ğ─▒klama ba─şlam─▒ i├ğinde kullan─▒lmal─▒d─▒r. [C:\Users\─░brahim\Desktop\┼ŞUAN\KcetasProje\ProjeStaj.csproj]
C:\Users\─░brahim\Desktop\┼ŞUAN\KcetasProje\Models\enums\readingsource.cs(5,13): warning CS8981: ÔÇ£readingsourceÔÇØ t├╝r ad─▒ yaln─▒zca k├╝├ğ├╝k harfli ascii karakterleri i├ğerir. Bu t├╝r adlar dil i├ğin ayr─▒lm─▒┼ş hale gelebilir. [C:\Users\─░brahim\Desktop\┼ŞUAN\KcetasProje\ProjeStaj.csproj]
C:\Users\─░brahim\Desktop\┼ŞUAN\KcetasProje\Services\Mock\MockIsEmriService.cs(12,34): error CS0535: 'MockIsEmriService', 'IIsEmriService.TutanakKaydet(int, string, string, string?, string?)' arabirim ├╝yesini uygulamaz [C:\Users\─░brahim\Desktop\┼ŞUAN\KcetasProje\ProjeStaj.csproj]
    52 Uyar─▒
    1 Hata

Ge├ğen S├╝re 00:00:01.82
